// Jest Snapshot v1, https://goo.gl/fbAQLP

exports[`loader.vue renders loader component 1`] = `
<div class="lds-ring">
  <div></div>
  <div></div>
  <div></div>
  <div></div>
</div>
`;
